2019-10-16 12:31:14	첫번째 로깅 문장
2019-10-16 12:32:10	2번째 로깅 문장입니다.
